[sitesforsearch-wp-multi-u11368.vm.elestio.app/theautorescueteam/index3b71.html]
[backblue.gif]
[fade.gif]
[index.html]
[sitesforsearch-wp-multi-u11368.vm.elestio.app/theautorescueteam/wp-content/themes/bricks/assets/css/frontend.mina8cc.css]
[sitesforsearch-wp-multi-u11368.vm.elestio.app/theautorescueteam/feed/index.html]
[sitesforsearch-wp-multi-u11368.vm.elestio.app/theautorescueteam/comments/feed/index.html]
[sitesforsearch-wp-multi-u11368.vm.elestio.app/theautorescueteam/wp-content/uploads/sites/4/2025/02/GGX88-W01-Light.woff2]
[sitesforsearch-wp-multi-u11368.vm.elestio.app/theautorescueteam/wp-content/uploads/sites/4/2025/02/unison-pro-bold-italic.woff2]
[sitesforsearch-wp-multi-u11368.vm.elestio.app/theautorescueteam/wp-content/themes/bricks/assets/css/libs/font-awesome-6-brands.mina8cc.css]
[sitesforsearch-wp-multi-u11368.vm.elestio.app/theautorescueteam/wp-json/wp/v2/pages/16.json]
[sitesforsearch-wp-multi-u11368.vm.elestio.app/theautorescueteam/wp-json/index.html]
[sitesforsearch-wp-multi-u11368.vm.elestio.app/theautorescueteam/xmlrpc0db0.php]
[sitesforsearch-wp-multi-u11368.vm.elestio.app/theautorescueteam/wp-json/oembed/1.0/embedf18d.json]
[sitesforsearch-wp-multi-u11368.vm.elestio.app/theautorescueteam/index.html]
[sitesforsearch-wp-multi-u11368.vm.elestio.app/theautorescueteam/wp-json/oembed/1.0/embedba77]
[sitesforsearch-wp-multi-u11368.vm.elestio.app/theautorescueteam/wp-content/uploads/sites/4/2025/02/cropped-favicon-1-32x32.png]
[sitesforsearch-wp-multi-u11368.vm.elestio.app/theautorescueteam/wp-content/uploads/sites/4/2025/02/cropped-favicon-1-192x192.png]
[sitesforsearch-wp-multi-u11368.vm.elestio.app/theautorescueteam/wp-content/uploads/sites/4/2025/02/cropped-favicon-1-180x180.png]
[sitesforsearch-wp-multi-u11368.vm.elestio.app/theautorescueteam/wp-content/uploads/sites/4/2025/03/logo-size.png]
[sitesforsearch-wp-multi-u11368.vm.elestio.app/theautorescueteam/index3b71.html]
[sitesforsearch-wp-multi-u11368.vm.elestio.app/theautorescueteam/wp-content/themes/bricks/assets/js/bricks.mina8cc.js]
[sitesforsearch-wp-multi-u11368.vm.elestio.app/theautorescueteam/wp-content/themes/bricks/assets/svg/audio/control-volume-max.svg]
[sitesforsearch-wp-multi-u11368.vm.elestio.app/theautorescueteam/wp-content/themes/bricks/assets/css/frontend.mina8cc.css]
[sitesforsearch-wp-multi-u11368.vm.elestio.app/theautorescueteam/wp-content/themes/bricks/assets/svg/audio/control-mute.svg]
[sitesforsearch-wp-multi-u11368.vm.elestio.app/theautorescueteam/wp-content/themes/bricks/assets/fonts/fontawesome/fa-brands-400.woff2]
[sitesforsearch-wp-multi-u11368.vm.elestio.app/theautorescueteam/wp-content/themes/bricks/assets/css/libs/font-awesome-6-brands.mina8cc.css]
[sitesforsearch-wp-multi-u11368.vm.elestio.app/theautorescueteam/index.html]
[sitesforsearch-wp-multi-u11368.vm.elestio.app/theautorescueteam/wp-content/themes/bricks/assets/svg/audio/control-play.svg]
[sitesforsearch-wp-multi-u11368.vm.elestio.app/theautorescueteam/wp-content/themes/bricks/assets/svg/audio/control-pause.svg]
[sitesforsearch-wp-multi-u11368.vm.elestio.app/theautorescueteam/wp-content/themes/bricks/assets/svg/audio/control-volume-max.svg]
[sitesforsearch-wp-multi-u11368.vm.elestio.app/theautorescueteam/wp-content/themes/bricks/assets/svg/audio/control-mute.svg]
[sitesforsearch-wp-multi-u11368.vm.elestio.app/theautorescueteam/wp-content/themes/bricks/assets/fonts/fontawesome/fa-brands-400.ttf]
